// Jest Snapshot v1, https://goo.gl/fbAQLP

exports[`NoResults match snapshot 1`] = `
<NoResultsContainer>
  <Styled(Component) />
  <NoResultsParagraph>
    Nie udało nam się znaleźć pasujących inicjatyw.
  </NoResultsParagraph>
  <styled.span>
    Zobacz wszystkie inicjatywy
  </styled.span>
  <Styled(Link)
    to="/"
  >
    Przejdź do strony głównej
  </Styled(Link)>
</NoResultsContainer>
`;
