// Jest Snapshot v1, https://goo.gl/fbAQLP

exports[`SelectFieldDownshift match snapshot 1`] = `
<SelectWrapper>
  <styled.label
    htmlFor="downshift-1-toggle-button"
    id="downshift-1-label"
  >
    label
  </styled.label>
  <SelectButton
    aria-expanded={false}
    aria-haspopup="listbox"
    aria-labelledby="downshift-1-label downshift-1-toggle-button"
    id="downshift-1-toggle-button"
    isOpen={false}
    onClick={[Function]}
    onKeyDown={[Function]}
  >
    placeholder
  </SelectButton>
  <ClearButton
    aria-label="wyczyść zaznaczenie"
    onClick={[Function]}
    tabindex={-1}
  >
    ×
  </ClearButton>
  <SelectMenu
    aria-labelledby="downshift-1-label"
    id="downshift-1-menu"
    isOpen={false}
    onBlur={[Function]}
    onKeyDown={[Function]}
    onMouseLeave={[Function]}
    role="listbox"
    tabIndex={-1}
  />
  <div
    tabIndex="0"
  />
</SelectWrapper>
`;
